// Jest Snapshot v1, https://goo.gl/fbAQLP

exports[`Test the Article component tests the Article component 1`] = `
<DocumentFragment>
  <figure
    class="articleContainer"
  >
    <a>
      <h3
        class="articleTitle"
      />
       
    </a>
    <img
      class="articleImg"
    />
    <p
      class="articleDesc"
    />
  </figure>
</DocumentFragment>
`;
