// Jest Snapshot v1, https://goo.gl/fbAQLP

exports[`App component renders App 1`] = `
<DocumentFragment>
  <div
    class="log"
    data-testid="alpaca"
  >
    <h1
      class="title"
    >
      BLOOM
    </h1>
    <h3
      class="motto"
    >
      BREAKING LIMITS ON OUR MONEY
    </h3>
    <h3
      class="est"
    >
      est. 2021
    </h3>
    <p>
      CLICK TO LOGIN
    </p>
  </div>
</DocumentFragment>
`;
