// Jest Snapshot v1, https://goo.gl/fbAQLP

exports[`Test the user paper positions component tests the user paper positions component 1`] = `
<DocumentFragment>
  <dd
    class="container"
  >
    <a
      class="symbol"
    >
      Stock: 
    </a>
    <a
      class="qty"
    >
      Qty: 
    </a>
    <a
      class="value"
    >
      Market Value: 
    </a>
    <a
      class="price"
    >
      Current Price: 
    </a>
  </dd>
</DocumentFragment>
`;
